
Tests if we obtain the same probability distribution for internal nodes of a tree
given observations on the leaves, whether we compute them using the pruning algorithm
or a rejection sampling algorithm.


┌─────┬─────┬─────┬─────┬─────┬─────┬─────┬─────┬─────┬─────┬─────┬─────┬─────┬─────┬─────┬─────┬─────┬─────┬─────┬─────┐
│0.015│0.000│0.302│0.047│0.000│0.002│0.009│0.000│0.011│0.000│0.000│0.145│0.010│0.408│0.008│0.040│0.001│0.001│0.000│0.001│
├─────┼─────┼─────┼─────┼─────┼─────┼─────┼─────┼─────┼─────┼─────┼─────┼─────┼─────┼─────┼─────┼─────┼─────┼─────┼─────┤
│0.014│0.000│0.299│0.045│0.000│0.001│0.008│0.000│0.011│0.000│0.000│0.131│0.006│0.415│0.006│0.058│0.001│0.003│0.000│0.002│
├─────┴─────┴─────┴─────┴─────┴─────┴─────┴─────┴─────┴─────┴─────┴─────┴─────┴─────┴─────┴─────┴─────┴─────┴─────┴─────┘
├─┬─────┬─────┬─────┬─────┬─────┬─────┬─────┬─────┬─────┬─────┬─────┬─────┬─────┬─────┬─────┬─────┬─────┬─────┬─────┬─────┐
│ │0.031│0.000│0.147│0.044│0.000│0.005│0.008│0.000│0.014│0.001│0.000│0.146│0.019│0.419│0.017│0.140│0.006│0.001│0.000│0.002│
│ ├─────┼─────┼─────┼─────┼─────┼─────┼─────┼─────┼─────┼─────┼─────┼─────┼─────┼─────┼─────┼─────┼─────┼─────┼─────┼─────┤
│ │0.023│0.000│0.165│0.033│0.000│0.002│0.004│0.000│0.018│0.000│0.001│0.147│0.016│0.425│0.014│0.145│0.006│0.001│0.000│0.000│
│ ├─────┴─────┴─────┴─────┴─────┴─────┴─────┴─────┴─────┴─────┴─────┴─────┴─────┴─────┴─────┴─────┴─────┴─────┴─────┴─────┘
│ ├─┬─────┬─────┬─────┬─────┬─────┬─────┬─────┬─────┬─────┬─────┬─────┬─────┬─────┬─────┬─────┬─────┬─────┬─────┬─────┬─────┐
│ │ │0.000│0.000│0.000│0.000│0.000│0.000│0.000│0.000│0.000│0.000│0.000│0.000│0.000│0.000│0.000│1.000│0.000│0.000│0.000│0.000│
│ │ ├─────┼─────┼─────┼─────┼─────┼─────┼─────┼─────┼─────┼─────┼─────┼─────┼─────┼─────┼─────┼─────┼─────┼─────┼─────┼─────┤
│ │ │0.000│0.000│0.000│0.000│0.000│0.000│0.000│0.000│0.000│0.000│0.000│0.000│0.000│0.000│0.000│1.000│0.000│0.000│0.000│0.000│
│ │ └─────┴─────┴─────┴─────┴─────┴─────┴─────┴─────┴─────┴─────┴─────┴─────┴─────┴─────┴─────┴─────┴─────┴─────┴─────┴─────┘
│ └─┬─────┬─────┬─────┬─────┬─────┬─────┬─────┬─────┬─────┬─────┬─────┬─────┬─────┬─────┬─────┬─────┬─────┬─────┬─────┬─────┐
│   │0.000│0.000│0.000│0.000│0.000│0.000│0.000│0.000│0.000│0.000│0.000│0.000│0.000│1.000│0.000│0.000│0.000│0.000│0.000│0.000│
│   ├─────┼─────┼─────┼─────┼─────┼─────┼─────┼─────┼─────┼─────┼─────┼─────┼─────┼─────┼─────┼─────┼─────┼─────┼─────┼─────┤
│   │0.000│0.000│0.000│0.000│0.000│0.000│0.000│0.000│0.000│0.000│0.000│0.000│0.000│1.000│0.000│0.000│0.000│0.000│0.000│0.000│
│   └─────┴─────┴─────┴─────┴─────┴─────┴─────┴─────┴─────┴─────┴─────┴─────┴─────┴─────┴─────┴─────┴─────┴─────┴─────┴─────┘
└─┬─────┬─────┬─────┬─────┬─────┬─────┬─────┬─────┬─────┬─────┬─────┬─────┬─────┬─────┬─────┬─────┬─────┬─────┬─────┬─────┐
  │0.006│0.000│0.338│0.055│0.000│0.002│0.008│0.000│0.010│0.000│0.000│0.141│0.004│0.406│0.007│0.021│0.000│0.001│0.000│0.001│
  ├─────┼─────┼─────┼─────┼─────┼─────┼─────┼─────┼─────┼─────┼─────┼─────┼─────┼─────┼─────┼─────┼─────┼─────┼─────┼─────┤
  │0.008│0.000│0.338│0.052│0.000│0.000│0.007│0.000│0.008│0.000│0.000│0.117│0.005│0.417│0.005│0.041│0.002│0.000│0.000│0.000│
  ├─────┴─────┴─────┴─────┴─────┴─────┴─────┴─────┴─────┴─────┴─────┴─────┴─────┴─────┴─────┴─────┴─────┴─────┴─────┴─────┘
  ├─┬─────┬─────┬─────┬─────┬─────┬─────┬─────┬─────┬─────┬─────┬─────┬─────┬─────┬─────┬─────┬─────┬─────┬─────┬─────┬─────┐
  │ │0.000│0.000│0.000│0.000│0.000│0.000│0.000│0.000│0.000│0.000│0.000│0.000│0.000│1.000│0.000│0.000│0.000│0.000│0.000│0.000│
  │ ├─────┼─────┼─────┼─────┼─────┼─────┼─────┼─────┼─────┼─────┼─────┼─────┼─────┼─────┼─────┼─────┼─────┼─────┼─────┼─────┤
  │ │0.000│0.000│0.000│0.000│0.000│0.000│0.000│0.000│0.000│0.000│0.000│0.000│0.000│1.000│0.000│0.000│0.000│0.000│0.000│0.000│
  │ └─────┴─────┴─────┴─────┴─────┴─────┴─────┴─────┴─────┴─────┴─────┴─────┴─────┴─────┴─────┴─────┴─────┴─────┴─────┴─────┘
  └─┬─────┬─────┬─────┬─────┬─────┬─────┬─────┬─────┬─────┬─────┬─────┬─────┬─────┬─────┬─────┬─────┬─────┬─────┬─────┬─────┐
    │0.000│0.000│1.000│0.000│0.000│0.000│0.000│0.000│0.000│0.000│0.000│0.000│0.000│0.000│0.000│0.000│0.000│0.000│0.000│0.000│
    ├─────┼─────┼─────┼─────┼─────┼─────┼─────┼─────┼─────┼─────┼─────┼─────┼─────┼─────┼─────┼─────┼─────┼─────┼─────┼─────┤
    │0.000│0.000│1.000│0.000│0.000│0.000│0.000│0.000│0.000│0.000│0.000│0.000│0.000│0.000│0.000│0.000│0.000│0.000│0.000│0.000│
    └─────┴─────┴─────┴─────┴─────┴─────┴─────┴─────┴─────┴─────┴─────┴─────┴─────┴─────┴─────┴─────┴─────┴─────┴─────┴─────┘